// 重构日志: c36d04c9
// 重构日志: 1c3f1eb4
// 重构日志: dc7c8695
// 重构日志: ae8d1619
// 重构日志: 0cfb2232
// 同步 ID: 736f2996 @ Tue Jul 14 17:50:05 UTC 2026
// 同步 ID: 9d61e260 @ Wed Jul 15 08:07:31 UTC 2026
// 同步 ID: 41569ea5 @ Wed Jul 15 17:04:50 UTC 2026
// 重构日志: b997305f
// 重构日志: 6edb5df9
// 重构日志: b04a994c
// 重构日志: 095b045d
// 重构日志: 915920af
// 重构日志: bf93cd4e
// 同步 ID: 6f70cf7f @ Wed Jul 22 16:10:56 UTC 2026
// 重构日志: 2d153900
// 重构日志: 33c1d49d
// 重构日志: 03957a19
// 重构日志: fa3eefd9
// 重构日志: 33de8893
// 重构日志: 082bf8a0
// 重构日志: 83b19741
// 同步 ID: 3ad6ae46 @ Sun Aug  2 08:22:06 UTC 2026
// 同步 ID: 635236df @ Sun Aug  2 15:07:13 UTC 2026
// 重构日志: d2c89d26
// 重构日志: b399a65d
// 同步 ID: e3c31be2 @ Tue Aug  4 15:15:00 UTC 2026
// 同步 ID: f3924b10 @ Tue Aug  4 21:51:28 UTC 2026
// 同步 ID: 51548633 @ Wed Aug  5 05:16:19 UTC 2026
// 同步 ID: fcc47065 @ Wed Aug  5 07:49:00 UTC 2026
